// Vitest Snapshot v1

exports[`fingering > fingering for A chromatic 1`] = `
[
  [
    5,
    6,
    7,
    8,
  ],
  [
    4,
    5,
    6,
    7,
  ],
  [
    3,
    4,
    5,
    6,
  ],
  [
    2,
    3,
    4,
    5,
  ],
  [
    2,
    3,
    4,
    5,
  ],
  [
    1,
    2,
    3,
    4,
  ],
]
`;

exports[`fingering > fingering for A flamenco 1`] = `
[
  [
    5,
    6,
    8,
    9,
  ],
  [
    6,
    7,
  ],
  [
    5,
    7,
    8,
  ],
  [
    5,
    6,
    8,
    9,
  ],
  [
    8,
  ],
  [
    5,
    6,
    8,
    9,
  ],
]
`;

exports[`fingering > fingering for A major blues 1`] = `
[
  [
    5,
    7,
    8,
    9,
  ],
  [
    7,
    9,
  ],
  [
    7,
    9,
  ],
  [
    5,
    6,
    9,
  ],
  [
    7,
  ],
  [
    5,
    7,
    8,
    9,
  ],
]
`;

exports[`fingering > fingering for A minor pentatonic 1`] = `
[
  [
    5,
    8,
  ],
  [
    5,
    7,
  ],
  [
    5,
    7,
  ],
  [
    5,
    7,
    9,
  ],
  [
    8,
  ],
  [
    5,
    8,
  ],
]
`;
